// Jest Snapshot v1, https://goo.gl/fbAQLP

exports[`ReactRefreshLogBox app default Module not found 1`] = `
"./index.js (1:0)
Module not found: Can't resolve 'b'
> 1 | import Comp from 'b'
  2 | export default function Oops() {
  3 |   return (
  4 |     <div>

https://nextjs.org/docs/messages/module-not-found

Import trace for requested module:
./app/page.js"
`;

exports[`ReactRefreshLogBox app default Module not found empty import trace 1`] = `
"./app/page.js (2:0)
Module not found: Can't resolve 'b'
  1 | 'use client'
> 2 | import Comp from 'b'
  3 | export default function Oops() {
  4 |   return (
  5 |     <div>

https://nextjs.org/docs/messages/module-not-found"
`;

exports[`ReactRefreshLogBox app default Module not found missing global CSS 1`] = `
"./app/page.js:2:0
Module not found: Can't resolve './non-existent.css'
  1 | 'use client'
> 2 | import './non-existent.css'
  3 | export default function Page(props) {
  4 |   return <p>index page</p>
  5 | }

https://nextjs.org/docs/messages/module-not-found"
`;

exports[`ReactRefreshLogBox app default Node.js builtins 1`] = `
"./node_modules/my-package/index.js (1:0)
Module not found: Can't resolve 'dns'

https://nextjs.org/docs/messages/module-not-found

Import trace for requested module:
./index.js
./app/page.js"
`;

exports[`ReactRefreshLogBox app turbo Node.js builtins 1`] = `
"error - [resolve] [project]/node_modules/my-package/index.js  /node_modules/my-package/index.js:1:13  Error resolving commonjs request
         |              v------------
       1 + const dns = require('dns')
       2 + module.exports = dns
         +-
  
  unable to resolve module \\"dns\\"
  
  | It was not possible to find the requested file.
  | Parsed request as written in source code: module \\"dns\\"
  | Path where resolving has started: [project]/node_modules/my-package/index.js
  | Type of request: commonjs request
  | Import map: No import map entry
  | 
"
`;
